scripts/create-email-logs-prod.ts(44,9): error TS6133: 'url' is declared but its value is never read.
scripts/create-email-logs-table.ts(84,13): error TS6133: 'data' is declared but its value is never read.
src/app/error.tsx(3,8): error TS6133: 'React' is declared but its value is never read.
src/app/not-found.tsx(3,1): error TS6133: 'React' is declared but its value is never read.
src/app/ti/abrir/page.tsx(9,1): error TS6133: 'createClient' is declared but its value is never read.
src/app/ti/admin/ativos/page.tsx(10,12): error TS6133: 'Laptop' is declared but its value is never read.
src/app/ti/admin/ativos/page.tsx(10,20): error TS6133: 'Cpu' is declared but its value is never read.
src/app/ti/admin/email-logs/page.tsx(3,8): error TS6133: 'React' is declared but its value is never read.
src/app/ti/admin/email-logs/page.tsx(20,10): error TS6133: 'isAdmin' is declared but its value is never read.
src/app/ti/admin/equipes/page.tsx(8,11): error TS6133: 'Users' is declared but its value is never read.
src/app/ti/admin/equipes/page.tsx(22,10): error TS6133: 'isAdmin' is declared but its value is never read.
src/app/ti/admin/perfis/page.tsx(13,3): error TS6133: 'ShieldAlert' is declared but its value is never read.
src/app/ti/admin/perfis/page.tsx(38,10): error TS6133: 'isAdmin' is declared but its value is never read.
src/app/ti/admin/pesquisa-satisfacao/page.tsx(3,8): error TS6133: 'React' is declared but its value is never read.
src/app/ti/admin/pesquisa-satisfacao/page.tsx(20,10): error TS6133: 'isAdmin' is declared but its value is never read.
src/app/ti/admin/usuarios/page.tsx(25,10): error TS6133: 'isAdmin' is declared but its value is never read.
src/app/ti/auditoria/page.tsx(3,8): error TS6133: 'React' is declared but its value is never read.
src/app/ti/auditoria/page.tsx(20,10): error TS6133: 'isAdmin' is declared but its value is never read.
src/app/ti/base-conhecimento/[id]/page.tsx(97,9): error TS6133: 'router' is declared but its value is never read.
src/app/ti/base-conhecimento/[id]/page.tsx(117,46): error TS6133: 'r' is declared but its value is never read.
src/app/ti/base-conhecimento/page.tsx(33,9): error TS6133: 'router' is declared but its value is never read.
src/app/ti/chamado/[id]/page.tsx(32,3): error TS6133: 'TIPO_LABELS' is declared but its value is never read.
src/app/ti/chamado/[id]/page.tsx(157,10): error TS6133: 'Card' is declared but its value is never read.
src/app/ti/dashboard/page.tsx(9,23): error TS6133: 'Settings' is declared but its value is never read.
src/app/ti/dashboard/page.tsx(127,9): error TS6133: 'isAdmin' is declared but its value is never read.
src/lib/msal/MsalProviderWrapper.tsx(3,8): error TS6133: 'React' is declared but its value is never read.
src/lib/msal/MsalProviderWrapper.tsx(12,5): error TS6133: 'msalInitialized' is declared but its value is never read.
src/lib/ti/actions.ts(16,3): error TS6196: 'TiSetor' is declared but never used.
src/lib/ti/actions.ts(17,3): error TS6196: 'TiUnidade' is declared but never used.
